MPLINK 5.08, LINKER
Linker Map File - Created Fri Jan 24 11:07:01 2025

                                 Section Info
                  Section       Type    Address   Location Size(Bytes)
                ---------  ---------  ---------  ---------  ---------
                 RES_VECT       code   0x000000    program   0x000004
                   .cinit    romdata   0x000004    program   0x000002
                MAIN_PROG       code   0x000006    program   0x00001e
                  GPR_VAR      udata   0x000060       data   0x000002



                              Program Memory Usage 
                               Start         End      
                           ---------   ---------      
                            0x000000    0x000023      
            36 out of 33048 program addresses used, program memory utilization is 0%



                              Symbols - Sorted by Name
                     Name    Address   Location    Storage File                     
                ---------  ---------  ---------  --------- ---------                
                    DEBUT   0x000006    program     static D:\Users\serrano\MPLABXProjects\B0nj0uM0nd3.X\main.asm
          _MAIN_PROG_001A   0x000020    program     static D:\Users\serrano\MPLABXProjects\B0nj0uM0nd3.X\main.asm
                 addition   0x000018    program     static D:\Users\serrano\MPLABXProjects\B0nj0uM0nd3.X\main.asm
           boucleAddition   0x00000c    program     static D:\Users\serrano\MPLABXProjects\B0nj0uM0nd3.X\main.asm
                      fin   0x000020    program     static D:\Users\serrano\MPLABXProjects\B0nj0uM0nd3.X\main.asm
                        i   0x000061       data     static D:\Users\serrano\MPLABXProjects\B0nj0uM0nd3.X\main.asm
                    somme   0x000060       data     static D:\Users\serrano\MPLABXProjects\B0nj0uM0nd3.X\main.asm



                              Symbols - Sorted by Address
                     Name    Address   Location    Storage File                     
                ---------  ---------  ---------  --------- ---------                
                    DEBUT   0x000006    program     static D:\Users\serrano\MPLABXProjects\B0nj0uM0nd3.X\main.asm
           boucleAddition   0x00000c    program     static D:\Users\serrano\MPLABXProjects\B0nj0uM0nd3.X\main.asm
                 addition   0x000018    program     static D:\Users\serrano\MPLABXProjects\B0nj0uM0nd3.X\main.asm
          _MAIN_PROG_001A   0x000020    program     static D:\Users\serrano\MPLABXProjects\B0nj0uM0nd3.X\main.asm
                      fin   0x000020    program     static D:\Users\serrano\MPLABXProjects\B0nj0uM0nd3.X\main.asm
                    somme   0x000060       data     static D:\Users\serrano\MPLABXProjects\B0nj0uM0nd3.X\main.asm
                        i   0x000061       data     static D:\Users\serrano\MPLABXProjects\B0nj0uM0nd3.X\main.asm


